// Jest Snapshot v1, https://goo.gl/fbAQLP

exports[`app/hub/Views/HomeView component Snapshot tests with react-test-renderer home view is rendered correctly: all false 1`] = `
<div
  className="HomeView row align-center"
>
  <div
    className="columns small-12 medium-10 large-8"
  >
    <div
      className="HomeView__header row align-center-middle"
    >
      <img
        className="columns"
        src="/app/images/hub/home/ghosty-bubble-heart.svg"
      />
      <div
        className="HomeView__title columns"
      >
        <h1>
          hub_home_header_text
        </h1>
        <div
          className="HomeView__headerTagline HomeView--bolded"
        >
          hub_home_header_tagline_2
        </div>
        <div
          className="HomeView__supportContainer HomeView--pad-left"
        >
          <span>
            hub_home_header_info
          </span>
          <a
            alt="hub_home_header_info_link"
            href="https://www.ghostery.com/faqs/"
            rel="noopener noreferrer"
            target="_blank"
          >
            hub_home_header_info_link
          </a>
        </div>
        <div
          className="HomeView__supportContainer flex-container align-middle"
        >
          <div
            className="ToggleCheckbox"
            onClick={[Function]}
          >
            <svg
              viewBox="0 0 24 24"
            >
              <path
                d="M19 5v14H5V5h14m0-2H5c-1.1 0-2 .9-2 2v14c0 1.1.9 2 2 2h14c1.1 0 2-.9 2-2V5c0-1.1-.9-2-2-2z"
              />
            </svg>
          </div>
          <span
            className="clickable"
            onClick={[Function]}
          >
            hub_home_header_checkbox_label
          </span>
        </div>
      </div>
    </div>
    <div
      className="HomeView__subHeader row align-justify"
    >
      <div>
        hub_home_subheader_optimize
      </div>
      <a
        aria-current={null}
        className={undefined}
        href="/test/user-profile"
        onClick={[Function]}
        style={undefined}
      >
        test@example.com
      </a>
    </div>
    <div
      className="HomeView__onboarding row"
    >
      <div
        className="HomeView__onboardingFeature columns flex-container align-middle flex-dir-column feature-tutorial"
      >
        <div
          className="HomeView__featureIcon"
        />
        <div
          className="HomeView__featureTitle"
        >
          hub_home_feature_tutorial_title
        </div>
        <div
          className="HomeView__featureText flex-child-grow"
        >
          hub_home_feature_tutorial_text
        </div>
        <a
          aria-current={null}
          className="HomeView__featureButton button primary"
          href="/tutorial"
          onClick={[Function]}
          style={undefined}
        >
          hub_home_feature_tutorial_button
        </a>
      </div>
      <div
        className="HomeView__onboardingFeatureDivider column shrink"
      />
      <div
        className="HomeView__onboardingFeature columns flex-container align-middle flex-dir-column feature-setup"
      >
        <div
          className="HomeView__featureIcon"
        />
        <div
          className="HomeView__featureTitle"
        >
          hub_home_feature_setup_title
        </div>
        <div
          className="HomeView__featureText flex-child-grow"
        >
          hub_home_feature_setup_text
        </div>
        <a
          aria-current={null}
          className="HomeView__featureButton button primary"
          href="/setup"
          onClick={[Function]}
          style={undefined}
        >
          hub_home_feature_setup_button
        </a>
      </div>
    </div>
    <div
      className="HomeView__supporter row"
    >
      <div
        className="HomeView__supporterFeature columns flex-container align-middle"
      >
        <div
          className="HomeView__featureText columns"
        >
          hub_home_feature_supporter_text
        </div>
        <div
          className="HomeView__featureIcon columns shrink feature-supporter"
        />
        <div
          className="columns flex-container align-center-middle"
        >
          <a
            aria-current={null}
            className="HomeView__featureButton button primary"
            href="/supporter"
            onClick={[Function]}
            style={undefined}
          >
            hub_home_feature_supporter_button
          </a>
        </div>
      </div>
    </div>
  </div>
</div>
`;

exports[`app/hub/Views/HomeView component Snapshot tests with react-test-renderer home view is rendered correctly: all true 1`] = `
<div
  className="HomeView row align-center"
>
  <div
    className="columns small-12 medium-10 large-8"
  >
    <div
      className="HomeView__header row align-center-middle"
    >
      <img
        className="columns"
        src="/app/images/hub/home/ghosty-bubble-heart.svg"
      />
      <div
        className="HomeView__title columns"
      >
        <h1>
          hub_home_header_text
        </h1>
        <div
          className="HomeView__headerTagline"
        >
          hub_home_header_tagline
        </div>
        <div
          className="HomeView__headerTagline HomeView--bolded"
        >
          hub_home_header_tagline_2
        </div>
        <div
          className="HomeView__supportContainer HomeView--pad-left"
        >
          <span>
            hub_home_header_info
          </span>
          <a
            alt="hub_home_header_info_link"
            href="https://www.ghostery.com/faqs/"
            rel="noopener noreferrer"
            target="_blank"
          >
            hub_home_header_info_link
          </a>
        </div>
        <div
          className="HomeView__supportContainer flex-container align-middle"
        >
          <div
            className="ToggleCheckbox ToggleCheckbox--active"
            onClick={[Function]}
          >
            <svg
              viewBox="0 0 24 24"
            >
              <path
                d="M19 3H5c-1.11 0-2 .9-2 2v14c0 1.1.89 2 2 2h14c1.11 0 2-.9 2-2V5c0-1.1-.89-2-2-2zm-9 14l-5-5 1.41-1.41L10 14.17l7.59-7.59L19 8l-9 9z"
              />
            </svg>
          </div>
          <span
            className="clickable"
            onClick={[Function]}
          >
            hub_home_header_checkbox_label
          </span>
        </div>
      </div>
    </div>
    <div
      className="HomeView__subHeader row align-justify"
    >
      <div>
        hub_home_subheader_optimize
      </div>
      <a
        aria-current={null}
        className={undefined}
        href="/test/create-account"
        onClick={[Function]}
        style={undefined}
      >
        test create account
      </a>
    </div>
    <div
      className="HomeView__onboarding row"
    >
      <div
        className="HomeView__onboardingFeature columns flex-container align-middle flex-dir-column feature-tutorial-complete"
      >
        <div
          className="HomeView__featureIcon"
        />
        <div
          className="HomeView__featureTitle"
        >
          hub_home_feature_tutorial_title
        </div>
        <div
          className="HomeView__featureText flex-child-grow"
        >
          hub_home_feature_tutorial_text
        </div>
        <a
          aria-current={null}
          className="HomeView__featureButton button primary hollow"
          href="/tutorial"
          onClick={[Function]}
          style={undefined}
        >
          hub_home_feature_tutorial_button_alt
        </a>
      </div>
      <div
        className="HomeView__onboardingFeatureDivider column shrink"
      />
      <div
        className="HomeView__onboardingFeature columns flex-container align-middle flex-dir-column feature-setup-complete"
      >
        <div
          className="HomeView__featureIcon"
        />
        <div
          className="HomeView__featureTitle"
        >
          hub_home_feature_setup_title
        </div>
        <div
          className="HomeView__featureText flex-child-grow"
        >
          hub_home_feature_setup_text
        </div>
        <a
          aria-current={null}
          className="HomeView__featureButton button primary hollow"
          href="/setup"
          onClick={[Function]}
          style={undefined}
        >
          hub_home_feature_setup_button_alt
        </a>
      </div>
    </div>
    <div
      className="HomeView__supporter row"
    >
      <div
        className="HomeView__supporterFeature columns flex-container align-middle"
      >
        <div
          className="HomeView__featureText columns"
        >
          hub_home_feature_supporter_text
        </div>
        <div
          className="HomeView__featureIcon columns shrink feature-supporter"
        />
        <div
          className="columns flex-container align-center-middle"
        >
          <a
            aria-current={null}
            className="HomeView__featureButton button primary"
            href="/supporter"
            onClick={[Function]}
            style={undefined}
          >
            hub_home_feature_supporter_button
          </a>
        </div>
      </div>
    </div>
  </div>
</div>
`;
