// Jest Snapshot v1, https://goo.gl/fbAQLP

exports[`app/hub/Views/SetupViews/SetupAntiSuiteView component More Snapshot tests with react-test-renderer, but for edge cases edge case where features is an empty array 1`] = `
<div
  className="row align-center"
>
  <div
    className="columns small-12 medium-10 large-8"
  />
</div>
`;

exports[`app/hub/Views/SetupViews/SetupAntiSuiteView component Snapshot tests with react-test-renderer setup anti-suite view is rendered correctly 1`] = `
<div
  className="row align-center"
>
  <div
    className="columns small-12 medium-10 large-8"
  >
    <div
      className="SetupAntiSuite__feature row align-center-middle"
    >
      <div
        className="columns shrink"
      >
        <div
          className="test-feature-1 SetupAntiSuite__icon active"
        />
      </div>
      <div
        className="columns shrink"
      >
        <div
          className="ToggleSwitch ToggleSwitch--active"
          onClick={[Function]}
        >
          <div
            className="ToggleSwitch__bar"
          />
          <span
            className="ToggleSwitch__circle"
          />
        </div>
      </div>
      <div
        className="columns small-12 large-8"
      >
        <div
          className="flex-container align-middle"
        >
          <div
            className="SetupAntiSuite__feature_title display-inline"
          >
            Test Feature One
          </div>
          <div
            className="SetupAntiSuite__feature_enabled display-inline"
          >
            hub_setup_antisuite_feature_enabled
          </div>
        </div>
        <div
          className="SetupAntiSuite__feature_description"
        >
          The first test feature
        </div>
      </div>
    </div>
    <div
      className="SetupAntiSuite__feature row align-center-middle"
    >
      <div
        className="columns shrink"
      >
        <div
          className="test-feature-2 SetupAntiSuite__icon"
        />
      </div>
      <div
        className="columns shrink"
      >
        <div
          className="ToggleSwitch"
          onClick={[Function]}
        >
          <div
            className="ToggleSwitch__bar"
          />
          <span
            className="ToggleSwitch__circle"
          />
        </div>
      </div>
      <div
        className="columns small-12 large-8"
      >
        <div
          className="flex-container align-middle"
        >
          <div
            className="SetupAntiSuite__feature_title display-inline"
          >
            Test Feature Two
          </div>
        </div>
        <div
          className="SetupAntiSuite__feature_description"
        >
          The second test feature
        </div>
      </div>
    </div>
  </div>
</div>
`;
